C51 COMPILER V9.59.0.0   GRAPHICS                                                          03/09/2021 21:56:24 PAGE 1   


C51 COMPILER V9.59.0.0, COMPILATION OF MODULE GRAPHICS
OBJECT MODULE PLACED IN graphics.OBJ
COMPILER INVOKED BY: C:\Keil_v5\C51\BIN\C51.exe graphics.c DB OE BR INCDIR(c:\SiLabs\MCU\Inc)

line level    source

   1          
   2          // this file contains data needed for drawing the ships and cannon
   3          
   4          code unsigned char   ship_gfx[2][10] = {0x01, 0x22, 0x1E, 0x15,
   5                                                  0x1C, 0x1C, 0x15, 0x1E,
   6                                                  0x22, 0x01,
   7                                                  0x08, 0x24, 0x1E, 0x16,
   8                                                  0x1C, 0x1C, 0x16, 0x1E,
   9                                                  0x24, 0x08};
  10          
  11          code unsigned char cannon_gfx[4][13] = {0x70, 0x78, 0x7E, 0x7E, 
  12                                                  0x7E, 0x78, 0x70, 0x00,
  13                                                  0x00, 0x00, 0x00, 0x00,
  14                                                  0x00,
  15                                                  0x70, 0x70, 0x78, 0x7E,
  16                                                  0x7E, 0x7E, 0x78, 0x70,
  17                                                  0x70, 0x00, 0x00, 0x00,
  18                                                  0x00,
  19                                                  0x70, 0x70, 0x70, 0x78,
  20                                                  0x7E, 0x7E, 0x7E, 0x78,
  21                                                  0x70, 0x70, 0x70, 0x00,
  22                                                  0x00,
  23                                                  0x70, 0x70, 0x70, 0x70,
  24                                                  0x78, 0x7E, 0x7E, 0x7E,
  25                                                  0x78, 0x70, 0x70, 0x70,
  26                                                  0x70};


MODULE INFORMATION:   STATIC OVERLAYABLE
   CODE SIZE        =   ----    ----
   CONSTANT SIZE    =     72    ----
   XDATA SIZE       =   ----    ----
   PDATA SIZE       =   ----    ----
   DATA SIZE        =   ----    ----
   IDATA SIZE       =   ----    ----
   BIT SIZE         =   ----    ----
END OF MODULE INFORMATION.


C51 COMPILATION COMPLETE.  0 WARNING(S),  0 ERROR(S)
